mode: set
github.com/companieshouse/envconf/envconf.go:16.58,18.16 2 1
github.com/companieshouse/envconf/envconf.go:18.16,19.13 1 1
github.com/companieshouse/envconf/envconf.go:21.2,21.11 1 1
github.com/companieshouse/envconf/envconf.go:26.66,29.25 3 1
github.com/companieshouse/envconf/envconf.go:29.25,30.36 1 1
github.com/companieshouse/envconf/envconf.go:30.36,32.9 2 1
github.com/companieshouse/envconf/envconf.go:36.2,36.12 1 1
github.com/companieshouse/envconf/envconf.go:36.12,38.3 1 1
github.com/companieshouse/envconf/envconf.go:40.2,42.22 2 1
github.com/companieshouse/envconf/envconf.go:43.14,45.17 2 1
github.com/companieshouse/envconf/envconf.go:46.11,48.19 2 1
github.com/companieshouse/envconf/envconf.go:49.12,51.20 2 1
github.com/companieshouse/envconf/envconf.go:52.13,54.21 2 1
github.com/companieshouse/envconf/envconf.go:55.13,57.21 2 1
github.com/companieshouse/envconf/envconf.go:58.13,60.14 2 1
github.com/companieshouse/envconf/envconf.go:61.12,63.20 2 1
github.com/companieshouse/envconf/envconf.go:64.13,66.21 2 1
github.com/companieshouse/envconf/envconf.go:67.14,69.22 2 1
github.com/companieshouse/envconf/envconf.go:70.14,72.22 2 1
github.com/companieshouse/envconf/envconf.go:73.14,75.14 2 1
github.com/companieshouse/envconf/envconf.go:76.15,78.23 2 1
github.com/companieshouse/envconf/envconf.go:79.15,81.23 2 1
github.com/companieshouse/envconf/envconf.go:82.12,84.14 2 1
github.com/companieshouse/envconf/envconf.go:85.10,86.35 1 1
